---
created: "2019-07-14T11:57:45.370831700Z"
creator: insta@0.8.1
source: tests/test_everything.rs
expression: builder.generate().unwrap()
---
// This file has been auto-generated, please do not edit it.

using System;
using System.Runtime.InteropServices;

internal class RustExports {
    [DllImport("MyDll")]
    internal static extern byte blarg(MyOpaqueStructHandle c);

}

